// Jest Snapshot v1, https://goo.gl/fbAQLP

exports[`actions increment should return a snapshot 1`] = `[Function]`;
